================================================================================
STARTING GENERATION OF ALL REMAINING N1 DAYS (DAYS 9 TO 20)
================================================================================
[SUCCESS] Day 09 (第9日：九死一生) generated, validated, and saved (45 Qs).
[SUCCESS] Day 10 (第10日：十全十美) generated, validated, and saved (45 Qs).
[SUCCESS] Day 11 (第11日：百発百中) generated, validated, and saved (45 Qs).
[SUCCESS] Day 12 (第12日：千差万別) generated, validated, and saved (45 Qs).
[SUCCESS] Day 13 (第13日：万全之策) generated, validated, and saved (45 Qs).
[SUCCESS] Day 14 (第14日：温故知新) generated, validated, and saved (45 Qs).
[SUCCESS] Day 15 (第15日：一刀両断) generated, validated, and saved (45 Qs).
[SUCCESS] Day 16 (第16日：日進月歩) generated, validated, and saved (45 Qs).
[SUCCESS] Day 17 (第17日：起死回生) generated, validated, and saved (45 Qs).
[SUCCESS] Day 18 (第18日：臨機応変) generated, validated, and saved (45 Qs).
[SUCCESS] Day 19 (第19日：明鏡止水) generated, validated, and saved (45 Qs).
[SUCCESS] Day 20 (第20日：完全無欠) generated, validated, and saved (45 Qs).
[SUCCESS] Updated data/days-index.json (all 20 days available).
[SUCCESS] Updated public/data/days-index.json (all 20 days available).
================================================================================
ALL 20 DAYS OF N1 AND ALL 31 N2 EXAMS NOW FULLY COMPLETE & VALIDATED!
================================================================================
================================================================================
MASTER AUDIT: VALIDATING COMPLETE JLPT N1 & N2 REPOSITORY
================================================================================
Auditing 31 JLPT N2 past exams...
N2 Result: 31/31 exams PASSED (3222 total questions verified).

Auditing 20 N1 20-Days units...
N1 Result: 20/20 days PASSED (900 total questions verified).

Index Verification: 20/20 N1 days marked available.
Index Verification: 31/31 N2 exams marked available.
================================================================================
ALL DATA CHECKS COMPLETED WITH ZERO ERRORS. READY FOR PRODUCTION DEPLOYMENT!
================================================================================
